29.87674421227524
29.76962859153515
29.850820766903148
